MAC_Si-M2_MPICH-4.3.0_PETSC-3.20_GCC-12.4.0/lib/petsc/conf/make.log